// Jest Snapshot v1, https://goo.gl/fbAQLP

exports[`ContextMenu should render correctly 1`] = `
ShallowWrapper {
  "length": 1,
  Symbol(enzyme.__root__): [Circular],
  Symbol(enzyme.__unrendered__): <ContextMenu />,
  Symbol(enzyme.__renderer__): Object {
    "batchedUpdates": [Function],
    "getNode": [Function],
    "render": [Function],
    "simulateEvent": [Function],
    "unmount": [Function],
  },
  Symbol(enzyme.__node__): Object {
    "instance": null,
    "key": undefined,
    "nodeType": "host",
    "props": Object {
      "children": <VanillaButton
        handleClick={[Function]}
        theme={
          Object {
            "height": "100px",
            "width": "100px",
          }
        }
      >
        <Dots
          height={4}
          theme={
            Object {
              "circleColor": "white",
            }
          }
          width={18}
        />
      </VanillaButton>,
      "className": "root",
    },
    "ref": null,
    "rendered": Object {
      "instance": null,
      "key": undefined,
      "nodeType": "function",
      "props": Object {
        "children": <Dots
          height={4}
          theme={
            Object {
              "circleColor": "white",
            }
          }
          width={18}
        />,
        "handleClick": [Function],
        "theme": Object {
          "height": "100px",
          "width": "100px",
        },
      },
      "ref": null,
      "rendered": Object {
        "instance": null,
        "key": undefined,
        "nodeType": "function",
        "props": Object {
          "height": 4,
          "theme": Object {
            "circleColor": "white",
          },
          "width": 18,
        },
        "ref": null,
        "rendered": null,
        "type": [Function],
      },
      "type": [Function],
    },
    "type": "div",
  },
  Symbol(enzyme.__nodes__): Array [
    Object {
      "instance": null,
      "key": undefined,
      "nodeType": "host",
      "props": Object {
        "children": <VanillaButton
          handleClick={[Function]}
          theme={
            Object {
              "height": "100px",
              "width": "100px",
            }
          }
        >
          <Dots
            height={4}
            theme={
              Object {
                "circleColor": "white",
              }
            }
            width={18}
          />
        </VanillaButton>,
        "className": "root",
      },
      "ref": null,
      "rendered": Object {
        "instance": null,
        "key": undefined,
        "nodeType": "function",
        "props": Object {
          "children": <Dots
            height={4}
            theme={
              Object {
                "circleColor": "white",
              }
            }
            width={18}
          />,
          "handleClick": [Function],
          "theme": Object {
            "height": "100px",
            "width": "100px",
          },
        },
        "ref": null,
        "rendered": Object {
          "instance": null,
          "key": undefined,
          "nodeType": "function",
          "props": Object {
            "height": 4,
            "theme": Object {
              "circleColor": "white",
            },
            "width": 18,
          },
          "ref": null,
          "rendered": null,
          "type": [Function],
        },
        "type": [Function],
      },
      "type": "div",
    },
  ],
  Symbol(enzyme.__options__): Object {
    "adapter": ReactSixteenAdapter {
      "options": Object {
        "enableComponentDidUpdateOnSetState": true,
      },
    },
  },
}
`;
