// Jest Snapshot v1, https://goo.gl/fbAQLP

exports[`it should render a menu 1`] = `
<div
  className="jsx-3432551512 react-tags-container"
>
  <div
    className="jsx-3432551512"
  >
    There are no tags.
  </div>
  <style
    jsx={true}
  >
    
            .react-tags-container {
              padding: 10px;
              text-transform: none;
            }
            .tag {
              display: inline-block;
              background: #fff;
              border-radius: 8px;
              box-shadow: 0px 0px 4px 0px #999;
              padding: 4px 15px 4px 10px;
              margin: 4px 8px;
              position: relative;
              outline: 0;
            }

            .tag:focus {
              outline: 0;
            }

            .active {
                border-color: #F310A7;
            }
          
  </style>
</div>
`;
