// Jest Snapshot v1, https://goo.gl/fbAQLP

exports[`ObjectFrame should render correctly 1`] = `
ShallowWrapper {
  Symbol(enzyme.__root__): [Circular],
  Symbol(enzyme.__unrendered__): <ObjectFrame
    height={20}
    onLoadCallback={[MockFunction]}
    svgURL="https://vega.slooh.com/icons/community/science_log.svg"
    width={20}
    x={0}
    y={0}
  />,
  Symbol(enzyme.__renderer__): Object {
    "batchedUpdates": [Function],
    "getNode": [Function],
    "render": [Function],
    "simulateError": [Function],
    "simulateEvent": [Function],
    "unmount": [Function],
  },
  Symbol(enzyme.__node__): Object {
    "instance": null,
    "key": undefined,
    "nodeType": "host",
    "props": Object {
      "children": <image
        className="object-frame-image"
        height={20}
        onLoad={[Function]}
        width={20}
        x={0}
        xlinkHref="https://vega.slooh.com/icons/community/science_log.svg"
        y={0}
      />,
    },
    "ref": null,
    "rendered": Object {
      "instance": null,
      "key": undefined,
      "nodeType": "host",
      "props": Object {
        "className": "object-frame-image",
        "height": 20,
        "onLoad": [Function],
        "width": 20,
        "x": 0,
        "xlinkHref": "https://vega.slooh.com/icons/community/science_log.svg",
        "y": 0,
      },
      "ref": null,
      "rendered": null,
      "type": "image",
    },
    "type": "g",
  },
  Symbol(enzyme.__nodes__): Array [
    Object {
      "instance": null,
      "key": undefined,
      "nodeType": "host",
      "props": Object {
        "children": <image
          className="object-frame-image"
          height={20}
          onLoad={[Function]}
          width={20}
          x={0}
          xlinkHref="https://vega.slooh.com/icons/community/science_log.svg"
          y={0}
        />,
      },
      "ref": null,
      "rendered": Object {
        "instance": null,
        "key": undefined,
        "nodeType": "host",
        "props": Object {
          "className": "object-frame-image",
          "height": 20,
          "onLoad": [Function],
          "width": 20,
          "x": 0,
          "xlinkHref": "https://vega.slooh.com/icons/community/science_log.svg",
          "y": 0,
        },
        "ref": null,
        "rendered": null,
        "type": "image",
      },
      "type": "g",
    },
  ],
  Symbol(enzyme.__options__): Object {
    "adapter": ReactSixteenAdapter {
      "options": Object {
        "enableComponentDidUpdateOnSetState": true,
        "lifecycles": Object {
          "componentDidUpdate": Object {
            "onSetState": true,
          },
          "getDerivedStateFromProps": true,
          "getSnapshotBeforeUpdate": true,
          "setState": Object {
            "skipsComponentDidUpdateOnNullish": true,
          },
        },
      },
    },
    "attachTo": undefined,
    "hydrateIn": undefined,
  },
}
`;
