// Jest Snapshot v1, https://goo.gl/fbAQLP

exports[`SubjectGuideList should render correctly 1`] = `
ShallowWrapper {
  "length": 1,
  Symbol(enzyme.__root__): [Circular],
  Symbol(enzyme.__unrendered__): <SubjectGuideList
    list={
      Array [
        Object {
          "anchorText": "Bar",
          "link": "#",
          "title": "Foo",
        },
        Object {
          "anchorText": "Bar",
          "link": "#",
          "title": "Foo",
        },
      ]
    }
  />,
  Symbol(enzyme.__renderer__): Object {
    "batchedUpdates": [Function],
    "getNode": [Function],
    "render": [Function],
    "simulateEvent": [Function],
    "unmount": [Function],
  },
  Symbol(enzyme.__node__): Object {
    "instance": null,
    "key": undefined,
    "nodeType": "host",
    "props": Object {
      "children": Array [
        Array [
          <li
            className="jsx-2486111897"
          >
            <LeighTile
              anchorText="Bar"
              link="#"
              title="Foo"
            />
          </li>,
          <li
            className="jsx-2486111897"
          >
            <LeighTile
              anchorText="Bar"
              link="#"
              title="Foo"
            />
          </li>,
        ],
        <JSXStyle
          css={
            Array [
              "ul.jsx-2486111897{margin:0;padding:0;list-style-type:none;}",
              "li.jsx-2486111897{margin-bottom:20px;}",
            ]
          }
          styleId="2486111897"
        />,
      ],
      "className": "jsx-2486111897",
    },
    "ref": null,
    "rendered": Array [
      Object {
        "instance": null,
        "key": "leigh-tile-Foo",
        "nodeType": "host",
        "props": Object {
          "children": <LeighTile
            anchorText="Bar"
            link="#"
            title="Foo"
          />,
          "className": "jsx-2486111897",
        },
        "ref": null,
        "rendered": Object {
          "instance": null,
          "key": undefined,
          "nodeType": "function",
          "props": Object {
            "anchorText": "Bar",
            "link": "#",
            "title": "Foo",
          },
          "ref": null,
          "rendered": null,
          "type": [Function],
        },
        "type": "li",
      },
      Object {
        "instance": null,
        "key": "leigh-tile-Foo",
        "nodeType": "host",
        "props": Object {
          "children": <LeighTile
            anchorText="Bar"
            link="#"
            title="Foo"
          />,
          "className": "jsx-2486111897",
        },
        "ref": null,
        "rendered": Object {
          "instance": null,
          "key": undefined,
          "nodeType": "function",
          "props": Object {
            "anchorText": "Bar",
            "link": "#",
            "title": "Foo",
          },
          "ref": null,
          "rendered": null,
          "type": [Function],
        },
        "type": "li",
      },
      Object {
        "instance": null,
        "key": undefined,
        "nodeType": "class",
        "props": Object {
          "css": Array [
            "ul.jsx-2486111897{margin:0;padding:0;list-style-type:none;}",
            "li.jsx-2486111897{margin-bottom:20px;}",
          ],
          "styleId": "2486111897",
        },
        "ref": null,
        "rendered": null,
        "type": [Function],
      },
    ],
    "type": "ul",
  },
  Symbol(enzyme.__nodes__): Array [
    Object {
      "instance": null,
      "key": undefined,
      "nodeType": "host",
      "props": Object {
        "children": Array [
          Array [
            <li
              className="jsx-2486111897"
            >
              <LeighTile
                anchorText="Bar"
                link="#"
                title="Foo"
              />
            </li>,
            <li
              className="jsx-2486111897"
            >
              <LeighTile
                anchorText="Bar"
                link="#"
                title="Foo"
              />
            </li>,
          ],
          <JSXStyle
            css={
              Array [
                "ul.jsx-2486111897{margin:0;padding:0;list-style-type:none;}",
                "li.jsx-2486111897{margin-bottom:20px;}",
              ]
            }
            styleId="2486111897"
          />,
        ],
        "className": "jsx-2486111897",
      },
      "ref": null,
      "rendered": Array [
        Object {
          "instance": null,
          "key": "leigh-tile-Foo",
          "nodeType": "host",
          "props": Object {
            "children": <LeighTile
              anchorText="Bar"
              link="#"
              title="Foo"
            />,
            "className": "jsx-2486111897",
          },
          "ref": null,
          "rendered": Object {
            "instance": null,
            "key": undefined,
            "nodeType": "function",
            "props": Object {
              "anchorText": "Bar",
              "link": "#",
              "title": "Foo",
            },
            "ref": null,
            "rendered": null,
            "type": [Function],
          },
          "type": "li",
        },
        Object {
          "instance": null,
          "key": "leigh-tile-Foo",
          "nodeType": "host",
          "props": Object {
            "children": <LeighTile
              anchorText="Bar"
              link="#"
              title="Foo"
            />,
            "className": "jsx-2486111897",
          },
          "ref": null,
          "rendered": Object {
            "instance": null,
            "key": undefined,
            "nodeType": "function",
            "props": Object {
              "anchorText": "Bar",
              "link": "#",
              "title": "Foo",
            },
            "ref": null,
            "rendered": null,
            "type": [Function],
          },
          "type": "li",
        },
        Object {
          "instance": null,
          "key": undefined,
          "nodeType": "class",
          "props": Object {
            "css": Array [
              "ul.jsx-2486111897{margin:0;padding:0;list-style-type:none;}",
              "li.jsx-2486111897{margin-bottom:20px;}",
            ],
            "styleId": "2486111897",
          },
          "ref": null,
          "rendered": null,
          "type": [Function],
        },
      ],
      "type": "ul",
    },
  ],
  Symbol(enzyme.__options__): Object {
    "adapter": ReactSixteenAdapter {
      "options": Object {
        "enableComponentDidUpdateOnSetState": true,
      },
    },
  },
}
`;
