// Jest Snapshot v1, https://goo.gl/fbAQLP

exports[`TopicContent should render correctly 1`] = `
ShallowWrapper {
  "length": 1,
  Symbol(enzyme.__root__): [Circular],
  Symbol(enzyme.__unrendered__): <TopicContent />,
  Symbol(enzyme.__renderer__): Object {
    "batchedUpdates": [Function],
    "getNode": [Function],
    "render": [Function],
    "simulateEvent": [Function],
    "unmount": [Function],
  },
  Symbol(enzyme.__node__): Object {
    "instance": null,
    "key": undefined,
    "nodeType": "host",
    "props": Object {
      "children": Array [
        <CenterColumn
          breakpoints={
            Array [
              "screen and (min-width: 768px)",
              "screen and (min-width: 1024px)",
              "screen and (min-width: 1366px)",
            ]
          }
          theme={
            Object {
              "marginBottom": "60px",
              "marginTop": "10px",
            }
          }
          widths={
            Array [
              "620px",
              "780px",
              "940px",
            ]
          }
        >
          <GuideSection
            alignContent="left"
            column={[Function]}
            content={[Function]}
          />
        </CenterColumn>,
        <JSXStyle
          css={
            Array [
              ".root.jsx-2170106365{background:url(https://vega.slooh.com/assets/v4/common/White_Paper_Subtle.png);}",
            ]
          }
          styleId="2170106365"
        />,
      ],
      "className": "jsx-2170106365 root",
    },
    "ref": null,
    "rendered": Array [
      Object {
        "instance": null,
        "key": undefined,
        "nodeType": "function",
        "props": Object {
          "breakpoints": Array [
            "screen and (min-width: 768px)",
            "screen and (min-width: 1024px)",
            "screen and (min-width: 1366px)",
          ],
          "children": <GuideSection
            alignContent="left"
            column={[Function]}
            content={[Function]}
          />,
          "theme": Object {
            "marginBottom": "60px",
            "marginTop": "10px",
          },
          "widths": Array [
            "620px",
            "780px",
            "940px",
          ],
        },
        "ref": null,
        "rendered": Object {
          "instance": null,
          "key": undefined,
          "nodeType": "function",
          "props": Object {
            "alignContent": "left",
            "column": [Function],
            "content": [Function],
          },
          "ref": null,
          "rendered": null,
          "type": [Function],
        },
        "type": [Function],
      },
      Object {
        "instance": null,
        "key": undefined,
        "nodeType": "class",
        "props": Object {
          "css": Array [
            ".root.jsx-2170106365{background:url(https://vega.slooh.com/assets/v4/common/White_Paper_Subtle.png);}",
          ],
          "styleId": "2170106365",
        },
        "ref": null,
        "rendered": null,
        "type": [Function],
      },
    ],
    "type": "div",
  },
  Symbol(enzyme.__nodes__): Array [
    Object {
      "instance": null,
      "key": undefined,
      "nodeType": "host",
      "props": Object {
        "children": Array [
          <CenterColumn
            breakpoints={
              Array [
                "screen and (min-width: 768px)",
                "screen and (min-width: 1024px)",
                "screen and (min-width: 1366px)",
              ]
            }
            theme={
              Object {
                "marginBottom": "60px",
                "marginTop": "10px",
              }
            }
            widths={
              Array [
                "620px",
                "780px",
                "940px",
              ]
            }
          >
            <GuideSection
              alignContent="left"
              column={[Function]}
              content={[Function]}
            />
          </CenterColumn>,
          <JSXStyle
            css={
              Array [
                ".root.jsx-2170106365{background:url(https://vega.slooh.com/assets/v4/common/White_Paper_Subtle.png);}",
              ]
            }
            styleId="2170106365"
          />,
        ],
        "className": "jsx-2170106365 root",
      },
      "ref": null,
      "rendered": Array [
        Object {
          "instance": null,
          "key": undefined,
          "nodeType": "function",
          "props": Object {
            "breakpoints": Array [
              "screen and (min-width: 768px)",
              "screen and (min-width: 1024px)",
              "screen and (min-width: 1366px)",
            ],
            "children": <GuideSection
              alignContent="left"
              column={[Function]}
              content={[Function]}
            />,
            "theme": Object {
              "marginBottom": "60px",
              "marginTop": "10px",
            },
            "widths": Array [
              "620px",
              "780px",
              "940px",
            ],
          },
          "ref": null,
          "rendered": Object {
            "instance": null,
            "key": undefined,
            "nodeType": "function",
            "props": Object {
              "alignContent": "left",
              "column": [Function],
              "content": [Function],
            },
            "ref": null,
            "rendered": null,
            "type": [Function],
          },
          "type": [Function],
        },
        Object {
          "instance": null,
          "key": undefined,
          "nodeType": "class",
          "props": Object {
            "css": Array [
              ".root.jsx-2170106365{background:url(https://vega.slooh.com/assets/v4/common/White_Paper_Subtle.png);}",
            ],
            "styleId": "2170106365",
          },
          "ref": null,
          "rendered": null,
          "type": [Function],
        },
      ],
      "type": "div",
    },
  ],
  Symbol(enzyme.__options__): Object {
    "adapter": ReactSixteenAdapter {
      "options": Object {
        "enableComponentDidUpdateOnSetState": true,
      },
    },
  },
}
`;
