// Jest Snapshot v1, https://goo.gl/fbAQLP

exports[`ScaleDown initialization should render correctly 1`] = `
ShallowWrapper {
  "length": 1,
  Symbol(enzyme.__root__): [Circular],
  Symbol(enzyme.__unrendered__): <ScaleDown
    dimension={500}
    onComplete={[MockFunction]}
    referenceObject="SOLAR_SYSTEM"
    targetObjectScale={0.34}
    targetObjectURL="https://vega.slooh.com/icons/community/human_spirit.svg"
  />,
  Symbol(enzyme.__renderer__): Object {
    "batchedUpdates": [Function],
    "getNode": [Function],
    "render": [Function],
    "simulateEvent": [Function],
    "unmount": [Function],
  },
  Symbol(enzyme.__node__): Object {
    "instance": null,
    "key": undefined,
    "nodeType": "host",
    "props": Object {
      "children": Array [
        <g
          style={
            Object {
              "opacity": 1,
              "transform": "translate(0, 0) scale(1)",
            }
          }
        >
          <ObjectFrame
            onLoadCallback={[Function]}
            svgURL={
              Object {
                "process": [Function],
              }
            }
          />
        </g>,
        <g
          style={
            Object {
              "transform": "translate(0, 0) scale(1)",
            }
          }
        >
          <ObjectFrame
            onLoadCallback={[Function]}
          />
        </g>,
      ],
      "style": Object {
        "transform": "scale(0.85)",
        "transformOrigin": "center",
      },
    },
    "ref": null,
    "rendered": Array [
      Object {
        "instance": null,
        "key": undefined,
        "nodeType": "host",
        "props": Object {
          "children": <ObjectFrame
            onLoadCallback={[Function]}
            svgURL={
              Object {
                "process": [Function],
              }
            }
          />,
          "style": Object {
            "opacity": 1,
            "transform": "translate(0, 0) scale(1)",
          },
        },
        "ref": null,
        "rendered": Object {
          "instance": null,
          "key": undefined,
          "nodeType": "function",
          "props": Object {
            "onLoadCallback": [Function],
            "svgURL": Object {
              "process": [Function],
            },
          },
          "ref": null,
          "rendered": null,
          "type": [Function],
        },
        "type": "g",
      },
      Object {
        "instance": null,
        "key": undefined,
        "nodeType": "host",
        "props": Object {
          "children": <ObjectFrame
            onLoadCallback={[Function]}
          />,
          "style": Object {
            "transform": "translate(0, 0) scale(1)",
          },
        },
        "ref": null,
        "rendered": Object {
          "instance": null,
          "key": undefined,
          "nodeType": "function",
          "props": Object {
            "onLoadCallback": [Function],
          },
          "ref": null,
          "rendered": null,
          "type": [Function],
        },
        "type": "g",
      },
    ],
    "type": "g",
  },
  Symbol(enzyme.__nodes__): Array [
    Object {
      "instance": null,
      "key": undefined,
      "nodeType": "host",
      "props": Object {
        "children": Array [
          <g
            style={
              Object {
                "opacity": 1,
                "transform": "translate(0, 0) scale(1)",
              }
            }
          >
            <ObjectFrame
              onLoadCallback={[Function]}
              svgURL={
                Object {
                  "process": [Function],
                }
              }
            />
          </g>,
          <g
            style={
              Object {
                "transform": "translate(0, 0) scale(1)",
              }
            }
          >
            <ObjectFrame
              onLoadCallback={[Function]}
            />
          </g>,
        ],
        "style": Object {
          "transform": "scale(0.85)",
          "transformOrigin": "center",
        },
      },
      "ref": null,
      "rendered": Array [
        Object {
          "instance": null,
          "key": undefined,
          "nodeType": "host",
          "props": Object {
            "children": <ObjectFrame
              onLoadCallback={[Function]}
              svgURL={
                Object {
                  "process": [Function],
                }
              }
            />,
            "style": Object {
              "opacity": 1,
              "transform": "translate(0, 0) scale(1)",
            },
          },
          "ref": null,
          "rendered": Object {
            "instance": null,
            "key": undefined,
            "nodeType": "function",
            "props": Object {
              "onLoadCallback": [Function],
              "svgURL": Object {
                "process": [Function],
              },
            },
            "ref": null,
            "rendered": null,
            "type": [Function],
          },
          "type": "g",
        },
        Object {
          "instance": null,
          "key": undefined,
          "nodeType": "host",
          "props": Object {
            "children": <ObjectFrame
              onLoadCallback={[Function]}
            />,
            "style": Object {
              "transform": "translate(0, 0) scale(1)",
            },
          },
          "ref": null,
          "rendered": Object {
            "instance": null,
            "key": undefined,
            "nodeType": "function",
            "props": Object {
              "onLoadCallback": [Function],
            },
            "ref": null,
            "rendered": null,
            "type": [Function],
          },
          "type": "g",
        },
      ],
      "type": "g",
    },
  ],
  Symbol(enzyme.__options__): Object {
    "adapter": ReactSixteenAdapter {
      "options": Object {
        "enableComponentDidUpdateOnSetState": true,
      },
    },
  },
}
`;
