// Jest Snapshot v1, https://goo.gl/fbAQLP

exports[`ScaleUp rendering should render correctly 1`] = `
ShallowWrapper {
  "length": 1,
  Symbol(enzyme.__root__): [Circular],
  Symbol(enzyme.__unrendered__): <ScaleUp
    dimension={500}
    missionTargetID={2}
    onComplete={[Function]}
    referenceObject="SOLAR_SYSTEM"
    referenceObjectScale={0.34}
    targetObjectName="Test object"
    targetObjectScale={1}
    targetObjectURL="https://vega.slooh.com/icons/nav/menu-help.svg"
  />,
  Symbol(enzyme.__renderer__): Object {
    "batchedUpdates": [Function],
    "getNode": [Function],
    "render": [Function],
    "simulateEvent": [Function],
    "unmount": [Function],
  },
  Symbol(enzyme.__node__): Object {
    "instance": null,
    "key": undefined,
    "nodeType": "host",
    "props": Object {
      "children": <FadeSVG
        isHidden={true}
      >
        <ObjectFrame
          height={200}
          onLoadCallback={[Function]}
          svgURL={
            Object {
              "process": [Function],
            }
          }
          width={200}
          x={0}
          y={0}
        />
      </FadeSVG>,
    },
    "ref": null,
    "rendered": Object {
      "instance": null,
      "key": undefined,
      "nodeType": "function",
      "props": Object {
        "children": <ObjectFrame
          height={200}
          onLoadCallback={[Function]}
          svgURL={
            Object {
              "process": [Function],
            }
          }
          width={200}
          x={0}
          y={0}
        />,
        "isHidden": true,
      },
      "ref": null,
      "rendered": Object {
        "instance": null,
        "key": undefined,
        "nodeType": "function",
        "props": Object {
          "height": 200,
          "onLoadCallback": [Function],
          "svgURL": Object {
            "process": [Function],
          },
          "width": 200,
          "x": 0,
          "y": 0,
        },
        "ref": null,
        "rendered": null,
        "type": [Function],
      },
      "type": [Function],
    },
    "type": "g",
  },
  Symbol(enzyme.__nodes__): Array [
    Object {
      "instance": null,
      "key": undefined,
      "nodeType": "host",
      "props": Object {
        "children": <FadeSVG
          isHidden={true}
        >
          <ObjectFrame
            height={200}
            onLoadCallback={[Function]}
            svgURL={
              Object {
                "process": [Function],
              }
            }
            width={200}
            x={0}
            y={0}
          />
        </FadeSVG>,
      },
      "ref": null,
      "rendered": Object {
        "instance": null,
        "key": undefined,
        "nodeType": "function",
        "props": Object {
          "children": <ObjectFrame
            height={200}
            onLoadCallback={[Function]}
            svgURL={
              Object {
                "process": [Function],
              }
            }
            width={200}
            x={0}
            y={0}
          />,
          "isHidden": true,
        },
        "ref": null,
        "rendered": Object {
          "instance": null,
          "key": undefined,
          "nodeType": "function",
          "props": Object {
            "height": 200,
            "onLoadCallback": [Function],
            "svgURL": Object {
              "process": [Function],
            },
            "width": 200,
            "x": 0,
            "y": 0,
          },
          "ref": null,
          "rendered": null,
          "type": [Function],
        },
        "type": [Function],
      },
      "type": "g",
    },
  ],
  Symbol(enzyme.__options__): Object {
    "adapter": ReactSixteenAdapter {
      "options": Object {
        "enableComponentDidUpdateOnSetState": true,
      },
    },
  },
}
`;
