// Jest Snapshot v1, https://goo.gl/fbAQLP

exports[`DisplayAtBreakpoint should render correctly 1`] = `
ShallowWrapper {
  Symbol(enzyme.__root__): [Circular],
  Symbol(enzyme.__unrendered__): <DisplayAtBreakpoint
    screenLarge={false}
    screenMedium={false}
    screenSmall={false}
    screenXLarge={false}
  >
    <div />
  </DisplayAtBreakpoint>,
  Symbol(enzyme.__renderer__): Object {
    "batchedUpdates": [Function],
    "getNode": [Function],
    "render": [Function],
    "simulateError": [Function],
    "simulateEvent": [Function],
    "unmount": [Function],
  },
  Symbol(enzyme.__node__): Object {
    "instance": null,
    "key": undefined,
    "nodeType": "host",
    "props": Object {
      "children": Array [
        <div />,
        <JSXStyle
          css={
            Array [
              ".root.jsx-1528521221{display:none;width:100%;}",
              ".root.screenSmall.jsx-1528521221{display:block;}",
              "@media screen and (min-width: 768px){.root.screenSmall.jsx-1528521221{display:none;}.root.screenMedium.jsx-1528521221{display:block;}}",
              "@media screen and (min-width: 1024px){.root.screenSmall.jsx-1528521221{display:none;}.root.screenMedium.jsx-1528521221{display:none;}.root.screenLarge.jsx-1528521221{display:block;}}",
              "@media screen and (min-width: 1366px){.root.screenSmall.jsx-1528521221{display:none;}.root.screenMedium.jsx-1528521221{display:none;}.root.screenLarge.jsx-1528521221{display:none;}.root.screenXLarge.jsx-1528521221{display:block;}}",
            ]
          }
          styleId="1528521221"
        />,
      ],
      "className": "jsx-1528521221 root",
    },
    "ref": null,
    "rendered": Array [
      Object {
        "instance": null,
        "key": undefined,
        "nodeType": "host",
        "props": Object {},
        "ref": null,
        "rendered": null,
        "type": "div",
      },
      Object {
        "instance": null,
        "key": undefined,
        "nodeType": "class",
        "props": Object {
          "css": Array [
            ".root.jsx-1528521221{display:none;width:100%;}",
            ".root.screenSmall.jsx-1528521221{display:block;}",
            "@media screen and (min-width: 768px){.root.screenSmall.jsx-1528521221{display:none;}.root.screenMedium.jsx-1528521221{display:block;}}",
            "@media screen and (min-width: 1024px){.root.screenSmall.jsx-1528521221{display:none;}.root.screenMedium.jsx-1528521221{display:none;}.root.screenLarge.jsx-1528521221{display:block;}}",
            "@media screen and (min-width: 1366px){.root.screenSmall.jsx-1528521221{display:none;}.root.screenMedium.jsx-1528521221{display:none;}.root.screenLarge.jsx-1528521221{display:none;}.root.screenXLarge.jsx-1528521221{display:block;}}",
          ],
          "styleId": "1528521221",
        },
        "ref": null,
        "rendered": null,
        "type": [Function],
      },
    ],
    "type": "div",
  },
  Symbol(enzyme.__nodes__): Array [
    Object {
      "instance": null,
      "key": undefined,
      "nodeType": "host",
      "props": Object {
        "children": Array [
          <div />,
          <JSXStyle
            css={
              Array [
                ".root.jsx-1528521221{display:none;width:100%;}",
                ".root.screenSmall.jsx-1528521221{display:block;}",
                "@media screen and (min-width: 768px){.root.screenSmall.jsx-1528521221{display:none;}.root.screenMedium.jsx-1528521221{display:block;}}",
                "@media screen and (min-width: 1024px){.root.screenSmall.jsx-1528521221{display:none;}.root.screenMedium.jsx-1528521221{display:none;}.root.screenLarge.jsx-1528521221{display:block;}}",
                "@media screen and (min-width: 1366px){.root.screenSmall.jsx-1528521221{display:none;}.root.screenMedium.jsx-1528521221{display:none;}.root.screenLarge.jsx-1528521221{display:none;}.root.screenXLarge.jsx-1528521221{display:block;}}",
              ]
            }
            styleId="1528521221"
          />,
        ],
        "className": "jsx-1528521221 root",
      },
      "ref": null,
      "rendered": Array [
        Object {
          "instance": null,
          "key": undefined,
          "nodeType": "host",
          "props": Object {},
          "ref": null,
          "rendered": null,
          "type": "div",
        },
        Object {
          "instance": null,
          "key": undefined,
          "nodeType": "class",
          "props": Object {
            "css": Array [
              ".root.jsx-1528521221{display:none;width:100%;}",
              ".root.screenSmall.jsx-1528521221{display:block;}",
              "@media screen and (min-width: 768px){.root.screenSmall.jsx-1528521221{display:none;}.root.screenMedium.jsx-1528521221{display:block;}}",
              "@media screen and (min-width: 1024px){.root.screenSmall.jsx-1528521221{display:none;}.root.screenMedium.jsx-1528521221{display:none;}.root.screenLarge.jsx-1528521221{display:block;}}",
              "@media screen and (min-width: 1366px){.root.screenSmall.jsx-1528521221{display:none;}.root.screenMedium.jsx-1528521221{display:none;}.root.screenLarge.jsx-1528521221{display:none;}.root.screenXLarge.jsx-1528521221{display:block;}}",
            ],
            "styleId": "1528521221",
          },
          "ref": null,
          "rendered": null,
          "type": [Function],
        },
      ],
      "type": "div",
    },
  ],
  Symbol(enzyme.__options__): Object {
    "adapter": ReactSixteenAdapter {
      "options": Object {
        "enableComponentDidUpdateOnSetState": true,
        "lifecycles": Object {
          "componentDidUpdate": Object {
            "onSetState": true,
          },
          "getDerivedStateFromProps": true,
          "getSnapshotBeforeUpdate": true,
          "setState": Object {
            "skipsComponentDidUpdateOnNullish": true,
          },
        },
      },
    },
    "attachTo": undefined,
    "hydrateIn": undefined,
  },
}
`;
