// Jest Snapshot v1, https://goo.gl/fbAQLP

exports[`<NoUpcomingMission /> should render no mission stuff... 1`] = `
<div
  data-jsx={942546412}
>
  <h4
    className="title"
    data-jsx={942546412}
  />
  <style
    jsx={true}
  >
    
      .title {
        margin: 0;
        text-align: center;
        padding: 50px;
        text-transform: none;
        color: #D9D9D9;
      }
    
  </style>
</div>
`;
