// Jest Snapshot v1, https://goo.gl/fbAQLP

exports[`AbelList should render correctly 1`] = `
ShallowWrapper {
  "length": 1,
  Symbol(enzyme.__root__): [Circular],
  Symbol(enzyme.__unrendered__): <AbelList
    list={
      Array [
        "Contains 10 objects",
        "category guide",
        "beginners and up",
      ]
    }
    theme={
      Object {
        "horizontalList": Object {},
        "verticalList": Object {},
      }
    }
  />,
  Symbol(enzyme.__renderer__): Object {
    "batchedUpdates": [Function],
    "getNode": [Function],
    "render": [Function],
    "simulateEvent": [Function],
    "unmount": [Function],
  },
  Symbol(enzyme.__node__): Object {
    "instance": null,
    "key": undefined,
    "nodeType": "function",
    "props": Object {
      "children": Array [
        <UNDEFINED>
          [Function]
        </UNDEFINED>,
        <JSXStyle
          css={
            Array [
              "ul.jsx-1298830369{font-family:brandon-grotesque, sans-serif;list-style-type:none;margin:0;padding:0;}",
              "li.jsx-1298830369{border-bottom:1px solid aqua;}",
            ]
          }
          styleId="1298830369"
        />,
      ],
    },
    "ref": null,
    "rendered": Array [
      Object {
        "instance": null,
        "key": undefined,
        "nodeType": "function",
        "props": Object {
          "children": [Function],
        },
        "ref": null,
        "rendered": [Function],
        "type": Object {
          "$$typeof": Symbol(react.context),
          "Consumer": [Circular],
          "Provider": Object {
            "$$typeof": Symbol(react.provider),
            "_context": [Circular],
          },
          "_calculateChangedBits": null,
          "_changedBits": 0,
          "_changedBits2": 0,
          "_currentRenderer": null,
          "_currentRenderer2": null,
          "_currentValue": undefined,
          "_currentValue2": undefined,
          "_defaultValue": undefined,
        },
      },
      Object {
        "instance": null,
        "key": undefined,
        "nodeType": "class",
        "props": Object {
          "css": Array [
            "ul.jsx-1298830369{font-family:brandon-grotesque, sans-serif;list-style-type:none;margin:0;padding:0;}",
            "li.jsx-1298830369{border-bottom:1px solid aqua;}",
          ],
          "styleId": "1298830369",
        },
        "ref": null,
        "rendered": null,
        "type": [Function],
      },
    ],
    "type": Symbol(react.fragment),
  },
  Symbol(enzyme.__nodes__): Array [
    Object {
      "instance": null,
      "key": undefined,
      "nodeType": "function",
      "props": Object {
        "children": Array [
          <UNDEFINED>
            [Function]
          </UNDEFINED>,
          <JSXStyle
            css={
              Array [
                "ul.jsx-1298830369{font-family:brandon-grotesque, sans-serif;list-style-type:none;margin:0;padding:0;}",
                "li.jsx-1298830369{border-bottom:1px solid aqua;}",
              ]
            }
            styleId="1298830369"
          />,
        ],
      },
      "ref": null,
      "rendered": Array [
        Object {
          "instance": null,
          "key": undefined,
          "nodeType": "function",
          "props": Object {
            "children": [Function],
          },
          "ref": null,
          "rendered": [Function],
          "type": Object {
            "$$typeof": Symbol(react.context),
            "Consumer": [Circular],
            "Provider": Object {
              "$$typeof": Symbol(react.provider),
              "_context": [Circular],
            },
            "_calculateChangedBits": null,
            "_changedBits": 0,
            "_changedBits2": 0,
            "_currentRenderer": null,
            "_currentRenderer2": null,
            "_currentValue": undefined,
            "_currentValue2": undefined,
            "_defaultValue": undefined,
          },
        },
        Object {
          "instance": null,
          "key": undefined,
          "nodeType": "class",
          "props": Object {
            "css": Array [
              "ul.jsx-1298830369{font-family:brandon-grotesque, sans-serif;list-style-type:none;margin:0;padding:0;}",
              "li.jsx-1298830369{border-bottom:1px solid aqua;}",
            ],
            "styleId": "1298830369",
          },
          "ref": null,
          "rendered": null,
          "type": [Function],
        },
      ],
      "type": Symbol(react.fragment),
    },
  ],
  Symbol(enzyme.__options__): Object {
    "adapter": ReactSixteenAdapter {
      "options": Object {
        "enableComponentDidUpdateOnSetState": true,
      },
    },
  },
}
`;
