// Jest Snapshot v1, https://goo.gl/fbAQLP

exports[`LeighTile should render correctly 1`] = `
ShallowWrapper {
  "length": 1,
  Symbol(enzyme.__root__): [Circular],
  Symbol(enzyme.__unrendered__): <LeighTile
    anchorText="Topic 1"
    createLink={[Function]}
    title="Foo"
  />,
  Symbol(enzyme.__renderer__): Object {
    "batchedUpdates": [Function],
    "getNode": [Function],
    "render": [Function],
    "simulateEvent": [Function],
    "unmount": [Function],
  },
  Symbol(enzyme.__node__): Object {
    "instance": null,
    "key": undefined,
    "nodeType": "host",
    "props": Object {
      "children": Array [
        <h5
          className="jsx-3313364838 title"
        >
          Foo
        </h5>,
        <div
          className="jsx-3313364838 action-container"
        >
          <a
            className="jsx-3313364838 action"
            href={[Function]}
          >
            Topic 1
          </a>
        </div>,
        <JSXStyle
          css={Array []}
          styleId="3313364838"
        />,
      ],
      "className": "jsx-3313364838 root",
    },
    "ref": null,
    "rendered": Array [
      Object {
        "instance": null,
        "key": undefined,
        "nodeType": "host",
        "props": Object {
          "children": "Foo",
          "className": "jsx-3313364838 title",
        },
        "ref": null,
        "rendered": "Foo",
        "type": "h5",
      },
      Object {
        "instance": null,
        "key": undefined,
        "nodeType": "host",
        "props": Object {
          "children": <a
            className="jsx-3313364838 action"
            href={[Function]}
          >
            Topic 1
          </a>,
          "className": "jsx-3313364838 action-container",
        },
        "ref": null,
        "rendered": Object {
          "instance": null,
          "key": undefined,
          "nodeType": "host",
          "props": Object {
            "children": "Topic 1",
            "className": "jsx-3313364838 action",
            "href": [Function],
          },
          "ref": null,
          "rendered": "Topic 1",
          "type": "a",
        },
        "type": "div",
      },
      Object {
        "instance": null,
        "key": undefined,
        "nodeType": "class",
        "props": Object {
          "css": Array [],
          "styleId": "3313364838",
        },
        "ref": null,
        "rendered": null,
        "type": [Function],
      },
    ],
    "type": "div",
  },
  Symbol(enzyme.__nodes__): Array [
    Object {
      "instance": null,
      "key": undefined,
      "nodeType": "host",
      "props": Object {
        "children": Array [
          <h5
            className="jsx-3313364838 title"
          >
            Foo
          </h5>,
          <div
            className="jsx-3313364838 action-container"
          >
            <a
              className="jsx-3313364838 action"
              href={[Function]}
            >
              Topic 1
            </a>
          </div>,
          <JSXStyle
            css={Array []}
            styleId="3313364838"
          />,
        ],
        "className": "jsx-3313364838 root",
      },
      "ref": null,
      "rendered": Array [
        Object {
          "instance": null,
          "key": undefined,
          "nodeType": "host",
          "props": Object {
            "children": "Foo",
            "className": "jsx-3313364838 title",
          },
          "ref": null,
          "rendered": "Foo",
          "type": "h5",
        },
        Object {
          "instance": null,
          "key": undefined,
          "nodeType": "host",
          "props": Object {
            "children": <a
              className="jsx-3313364838 action"
              href={[Function]}
            >
              Topic 1
            </a>,
            "className": "jsx-3313364838 action-container",
          },
          "ref": null,
          "rendered": Object {
            "instance": null,
            "key": undefined,
            "nodeType": "host",
            "props": Object {
              "children": "Topic 1",
              "className": "jsx-3313364838 action",
              "href": [Function],
            },
            "ref": null,
            "rendered": "Topic 1",
            "type": "a",
          },
          "type": "div",
        },
        Object {
          "instance": null,
          "key": undefined,
          "nodeType": "class",
          "props": Object {
            "css": Array [],
            "styleId": "3313364838",
          },
          "ref": null,
          "rendered": null,
          "type": [Function],
        },
      ],
      "type": "div",
    },
  ],
  Symbol(enzyme.__options__): Object {
    "adapter": ReactSixteenAdapter {
      "options": Object {
        "enableComponentDidUpdateOnSetState": true,
      },
    },
  },
}
`;
