// Jest Snapshot v1, https://goo.gl/fbAQLP

exports[`SVGText should render correctly 1`] = `
ShallowWrapper {
  "length": 1,
  Symbol(enzyme.__root__): [Circular],
  Symbol(enzyme.__unrendered__): <SVGText
    displayProperties={
      Object {
        "fill": "aqua",
        "fontFamily": "monospace",
        "fontSize": "20px",
      }
    }
    text="This is a test..."
    x={100}
    y={100}
  />,
  Symbol(enzyme.__renderer__): Object {
    "batchedUpdates": [Function],
    "getNode": [Function],
    "render": [Function],
    "simulateEvent": [Function],
    "unmount": [Function],
  },
  Symbol(enzyme.__node__): Object {
    "instance": null,
    "key": undefined,
    "nodeType": "host",
    "props": Object {
      "children": <text
        alignmentBaseline="middle"
        style={
          Object {
            "fill": "aqua",
            "fontFamily": "monospace",
            "fontSize": "20px",
          }
        }
        textAnchor="middle"
        x={100}
        y={100}
      >
        This is a test...
      </text>,
    },
    "ref": null,
    "rendered": Object {
      "instance": null,
      "key": undefined,
      "nodeType": "host",
      "props": Object {
        "alignmentBaseline": "middle",
        "children": "This is a test...",
        "style": Object {
          "fill": "aqua",
          "fontFamily": "monospace",
          "fontSize": "20px",
        },
        "textAnchor": "middle",
        "x": 100,
        "y": 100,
      },
      "ref": null,
      "rendered": "This is a test...",
      "type": "text",
    },
    "type": "g",
  },
  Symbol(enzyme.__nodes__): Array [
    Object {
      "instance": null,
      "key": undefined,
      "nodeType": "host",
      "props": Object {
        "children": <text
          alignmentBaseline="middle"
          style={
            Object {
              "fill": "aqua",
              "fontFamily": "monospace",
              "fontSize": "20px",
            }
          }
          textAnchor="middle"
          x={100}
          y={100}
        >
          This is a test...
        </text>,
      },
      "ref": null,
      "rendered": Object {
        "instance": null,
        "key": undefined,
        "nodeType": "host",
        "props": Object {
          "alignmentBaseline": "middle",
          "children": "This is a test...",
          "style": Object {
            "fill": "aqua",
            "fontFamily": "monospace",
            "fontSize": "20px",
          },
          "textAnchor": "middle",
          "x": 100,
          "y": 100,
        },
        "ref": null,
        "rendered": "This is a test...",
        "type": "text",
      },
      "type": "g",
    },
  ],
  Symbol(enzyme.__options__): Object {
    "adapter": ReactSixteenAdapter {
      "options": Object {
        "enableComponentDidUpdateOnSetState": true,
      },
    },
  },
}
`;
